// Jest Snapshot v1, https://goo.gl/fbAQLP

exports[`Should render EditExpense page 1`] = `
<div>
  <ExpenseForm
    expense={
      Object {
        "amount": 205000,
        "createdAt": 345600000,
        "description": "Rent",
        "id": 3,
        "note": "",
      }
    }
    onSubmit={[Function]}
  />
  <button
    onClick={[Function]}
  >
    Remove
  </button>
</div>
`;
