// Jest Snapshot v1, https://goo.gl/fbAQLP

exports[`Should render ExpenseList with empy message 1`] = `
<div>
  <h1>
    Expense List
  </h1>
  <p>
    No expense
  </p>
</div>
`;

exports[`Should render expense list with expenses 1`] = `
<div>
  <h1>
    Expense List
  </h1>
  <ExpenseListitem
    amount={195}
    createdAt={0}
    description="Gum"
    id="1"
    key="1"
    note=""
  />
  <ExpenseListitem
    amount={109500}
    createdAt={-345600000}
    description="Pensil"
    id="2"
    key="2"
    note=""
  />
  <ExpenseListitem
    amount={205000}
    createdAt={345600000}
    description="Rent"
    id="3"
    key="3"
    note=""
  />
</div>
`;
