// Jest Snapshot v1, https://goo.gl/fbAQLP

exports[`Should render NotFoundPage component 1`] = `
<div>
  404! Bargle.
  <Link
    to="/"
  >
    Go home
  </Link>
</div>
`;
